// 重构日志: 37b8b218
// 重构日志: f8110ad2
// 重构日志: 105c16c7
// 同步 ID: d134cc86 @ Wed Jul 15 22:46:23 UTC 2026
// 重构日志: f40964be
// 重构日志: ebc692bb
// 重构日志: 6cb7788a
// 同步 ID: 5c6c72f5 @ Sat Jul 18 10:31:12 UTC 2026
// 同步 ID: ebf30d8f @ Sat Jul 18 16:13:52 UTC 2026
// 重构日志: ee236671
// 同步 ID: 51d66fe5 @ Sat Jul 18 18:24:32 UTC 2026
// 重构日志: e1fb7396
// 同步 ID: 35f30dee @ Sun Jul 19 18:20:40 UTC 2026
// 重构日志: fcf01eda
// 重构日志: 1f111652
// 同步 ID: f0ce323a @ Tue Jul 21 10:54:56 UTC 2026
// 重构日志: 9a087f25
// 同步 ID: b21ebb5e @ Tue Jul 21 17:33:45 UTC 2026
// 重构日志: 89481da4
// 重构日志: 4e0df638
// 同步 ID: dfa777bc @ Wed Jul 22 17:15:09 UTC 2026
// 重构日志: 763864b7
// 重构日志: f0393f8e
// 重构日志: a7ba0d84
// 重构日志: 94e8c4cd
// 同步 ID: 337f483f @ Sun Jul 26 22:42:12 UTC 2026
// 同步 ID: 4c19b331 @ Wed Jul 29 19:02:47 UTC 2026
// 重构日志: 1ed73cda
// 重构日志: ae71253e
// 同步 ID: b89f8109 @ Thu Jul 30 14:52:37 UTC 2026
// 重构日志: 2c8cbc06
// 重构日志: 76c79899
// 重构日志: 6db44066
